// Jest Snapshot v1, https://goo.gl/fbAQLP

exports[`Counterコンポーネント 1`] = `ShallowWrapper {}`;
